<div id="main" title="t" class="box on" style="color:red"><span>x</span><input type="text" readOnly="" value="v"/><em>1</em><em>2</em>text42<table><tbody><tr><td>a</td><td class="value">1</td></tr><tr><td>b</td></tr></tbody></table><i>one</i><i>two</i><u>f1</u><u>f2</u></div>
<br/>
<a href="#" target="_blank">link</a>
