8320 false false false false false false 0 -1 -1 -1
178 false false false false false false 2 -1 -1 -1
8544 false false false false false false 1 -1 -1 -1
189 false false false false false false -2 -1 -1 -1
1632 true true false true false true 0 0 0 0
53 true true false true false true 5 5 5 5
97 false true true false true true 10 -1 10 10
65313 false true true false true true 10 -1 10 10
65345 false true true false true true 10 -1 10 10
65338 false true true false true true 35 -1 35 35
55296 false false false false false false -1 -1 -1 -1
57343 false false false false false false -1 -1 -1 -1
3056 false false false false false false 10 -1 -1 -1
12295 false false false false false false 0 -1 -1 -1
8578 false false false false false false 10000 -1 -1 -1
188 false false false false false false -2 -1 -1 -1
3448 false false false false false false -2 -1 -1 -1
122 false true true false true true 35 -1 35 35
90 false true true false true true 35 -1 35 35
0 false false false false false false -1 -1 -1 -1
65535 false false false false false false -1 -1 -1 -1
9398 false false false false false false -1 -1 -1 -1
837 false false false false false false -1 -1 -1 -1
233 false true true false true true -1 -1 -1 -1
1641 true true false true false true 9 9 9 9
65296 true true false true false true 0 0 0 0
other
digit 3
2 36 35
-3 -1 -1 -1 -1
0 -1 -1 -1 -1
1 -1 -1 -1 -1
2 1 -1 -1 -1
10 1 -1 5 -1
11 1 10 5 -1
36 1 10 5 35
37 -1 -1 -1 -1
2147483647 -1 -1 -1 -1
4915445 4915445 146237939582562266 794968827895156939
