optics.macros$package.Lens[P, scala.Predef.String] / dealias optics.PLens[P, P, scala.Predef.String, scala.Predef.String] / symbol Lens / dealias symbol PLens / AppliedType(optics.macros$package.Lens, 2 args, last scala.Predef.String) / alias true
optics.PLens[P, P, scala.Predef.String, scala.Predef.String] / dealias optics.PLens[P, P, scala.Predef.String, scala.Predef.String] / symbol PLens / dealias symbol PLens / AppliedType(optics.PLens, 4 args, last scala.Predef.String) / alias false
optics.PLens[P, scala.Int, scala.Predef.String, scala.Predef.String] / dealias optics.PLens[P, scala.Int, scala.Predef.String, scala.Predef.String] / symbol PLens / dealias symbol PLens / AppliedType(optics.PLens, 4 args, last scala.Predef.String) / alias false
optics.Holder.Optional[P, scala.Int] / dealias optics.PLens[P, P, scala.Option[scala.Int], scala.Option[scala.Int]] / symbol Optional / dealias symbol PLens / AppliedType(optics.Holder.Optional, 2 args, last scala.Int) / alias true
scala.collection.immutable.List[optics.macros$package.Lens[P, scala.Int]] / dealias scala.collection.immutable.List[optics.macros$package.Lens[P, scala.Int]] / symbol List / dealias symbol List / AppliedType(scala.collection.immutable.List, 1 args, last optics.macros$package.Lens[P, scala.Int]) / alias false
optics.macros$package.Lens[P, scala.Int] / dealias optics.PLens[P, P, scala.Int, scala.Int] / symbol Lens / dealias symbol PLens / AppliedType(optics.macros$package.Lens, 2 args, last scala.Int) / alias true | widened optics.macros$package.Lens[P, scala.Int] / dealias optics.PLens[P, P, scala.Int, scala.Int] / symbol Lens / dealias symbol PLens / AppliedType(optics.macros$package.Lens, 2 args, last scala.Int) / alias true
nameLens / dealias nameLens / symbol Lens / dealias symbol Lens / not applied / alias true | widened optics.macros$package.Lens[P, scala.Predef.String] / dealias optics.PLens[P, P, scala.Predef.String, scala.Predef.String] / symbol Lens / dealias symbol PLens / AppliedType(optics.macros$package.Lens, 2 args, last scala.Predef.String) / alias true
ageLens / dealias ageLens / symbol Lens / dealias symbol Lens / not applied / alias true | widened optics.macros$package.Lens[P, scala.Int] / dealias optics.PLens[P, P, scala.Int, scala.Int] / symbol Lens / dealias symbol PLens / AppliedType(optics.macros$package.Lens, 2 args, last scala.Int) / alias true
optics.PLens[P, P, scala.Int, scala.Int] / dealias optics.PLens[P, P, scala.Int, scala.Int] / symbol PLens / dealias symbol PLens / AppliedType(optics.PLens, 4 args, last scala.Int) / alias false | widened optics.PLens[P, P, scala.Int, scala.Int] / dealias optics.PLens[P, P, scala.Int, scala.Int] / symbol PLens / dealias symbol PLens / AppliedType(optics.PLens, 4 args, last scala.Int) / alias false
optics.Holder.Optional[P, scala.Int] / dealias optics.PLens[P, P, scala.Option[scala.Int], scala.Option[scala.Int]] / symbol Optional / dealias symbol PLens / AppliedType(optics.Holder.Optional, 2 args, last scala.Int) / alias true | widened optics.Holder.Optional[P, scala.Int] / dealias optics.PLens[P, P, scala.Option[scala.Int], scala.Option[scala.Int]] / symbol Optional / dealias symbol PLens / AppliedType(optics.Holder.Optional, 2 args, last scala.Int) / alias true
result optics.macros$package.Lens[S, A] / dealias optics.PLens[S, S, A, A] / symbol Lens / dealias symbol PLens / AppliedType(optics.macros$package.Lens, 2 args, last A) / alias true; params get: scala.Function1[S, A], set: scala.Function1[A, scala.Function1[S, S]]
result optics.Holder.Optional[S, A] / dealias optics.PLens[S, S, scala.Option[A], scala.Option[A]] / symbol Optional / dealias symbol PLens / AppliedType(optics.Holder.Optional, 2 args, last A) / alias true; params get: scala.Function1[S, scala.Option[A]]
optics.macros$package.Lens[P, scala.Predef.String] <:< optics.PLens[P, P, scala.Predef.String, scala.Predef.String]: true, =:= true, same symbol false, same after dealias true
optics.PLens[P, P, scala.Predef.String, scala.Predef.String] <:< optics.macros$package.Lens[P, scala.Predef.String]: true, =:= true, same symbol false, same after dealias true
optics.macros$package.Lens[P, scala.Predef.String] <:< optics.macros$package.Lens[P, scala.Int]: false, =:= false, same symbol true, same after dealias true
optics.Holder.Optional[P, scala.Int] <:< optics.PLens[P, P, scala.Option[scala.Int], scala.Option[scala.Int]]: true, =:= true, same symbol false, same after dealias true
a P(a,5)
