true
false
one
big 11
true
None
Some(big 12)
other 7
one
true
false
five
one
false
List(one, five, big 20)
Some(3)
None
true
false
Some(4)
big circle 3
undefined
undefined
3
Some(big circle 5)
4
6
true
8
false
true
Some(9)
None
false
pos
false
Some(2)
false
3
Some(2)
None
true
false
None
Some(four)
ran big circle 9
true
false
big circle 7
Some(big circle 7)
None
None
Some(a)
None
Some(c7)
true
