(?x)aU+20 bU+20 c = abc:true aU+20 bU+20 c:false
(?x)aU+20 bU+20 cU+20 #U+20 theU+20 restU+A U+20 d = abcd:true abc:false
(?x)[aU+20 b] = a:true b:true U+20:false
(?x)[\QU+20 #\E] = U+20:true #:true a:false
(?x)[a#b]U+A ] = a:true b:false ]:false #:false
(?x)[a-cU+20 #U+20 lettersU+A U+20 x-z] = b:true y:true U+20:false #:false
(?x)a#noteU+D b = ab:true
(?x)a#noteU+85 b = aU+85 b:true ab:false
(?x)a#noteU+2028 b = aU+2028 b:true ab:false
(?x)a#noteU+2029 b = aU+2029 b:true ab:false
(?x)aU+2028 bU+A0 c = aU+2028 bU+A0 c:true abc:false
(?x)a\U+20 b\#c = aU+20 b#c:true abc:false
(?x)a\QU+20 bU+20 #U+20 \Ec = aU+20 bU+20 #U+20 c:true abc:false
a(?x:U+20 bU+20 )U+20 c = abU+20 c:true abc:false
(?x)aU+20 b(?-x)U+20 c = abU+20 c:true abc:false
(?x:aU+20 b)|cU+20 d = ab:true cU+20 d:true cd:false
((?x)U+20 aU+20 bU+20 )U+20 c = abU+20 c:true abc:false
(?x)U+20 (?i)U+20 aU+20 b = AB:true ab:true
(?ix)AU+20 B = ab:true
(?x)(?xU+20 i)a = A:true
(?x)(?iU+20 x)a = A:true
(?x)[U+20 ^a] = ^:true a:true b:false
(?x)[^U+20 a] = ^:true a:false b:true
(?x)[a-U+20 z] = m:true -:false U+20:false
(?x)[aU+20 -z] = m:true -:false U+20:false
(?x)[+-U+20 ]] = +:true 0:true ]:true -:true
(?x)[a-U+20 [bc]] = rejected
(?x)[aU+20 -[bc]] = a:true -:true b:true
(?x)[a&U+20 b] = a:true b:true &:false
(?x)[a&U+20 &b] = a:false b:false &:false
(?x)[a-zU+20 &U+20 &U+20 [^aeiou]] = b:true a:false &:false
(?x)[\vU+20 -a] = -:true a:true U+B:true b:false
(?x)a{2,U+20 3} = aa:true aaa:true a:false
(?x)a{U+20 2} = rejected
(?x)a+U+20 ?b = aab:true
(?x)(U+20 ?:a) = a:true
(?x)(?U+20 :a) = a:true
(?x)(?U+20 =a)a = rejected
(?x)(?<U+20 =a)b = b:false
(?x)(?<nU+20 a>x)U+20 \k<nU+20 a> = xx:true
(?x)(a)\1U+20 0 = aa0:true
(?x)\xU+20 4U+20 1U+20 \uU+20 0U+20 0U+20 4U+20 2U+20 \0U+20 1U+20 0U+20 3 = ABC:true
(?x)\pU+20 {Lu} = A:true a:false
(?x)\p{U+20 Lu} = A:true a:false
(?x)\p{LuU+20 } = rejected
(?x)\pU+20 L = a:true 1:false
(?x)\p{L}U+20 #U+20 aU+20 letterU+A + = abc:true a1:false
(?x)\cU+20 = rejected
(?x)\c#note = rejected
(?x)\cU+20 A = U+1:true
