dot positions = List((0,1), (1,3), (3,4))
dot matches pair = true
two dots on pair = false
dot then b = Some((1,4,[d834 dd1e]))
group of pair = Some([d834 dd1e])
x escape = Some((1,3))
u escapes = Some((1,3))
class with pair = List(2)
negated class = List(2, 1)
replace pair = [61 5f 62]
replace dot = [3c 61 3e 3c d834 dd1e 3e 3c 62 3e]
replaceFirst group = [d834 dd1e d834 dd1e 62]
replace fn = 0,1,3,
split pair = List(x, y, z)
split lone low = List([61 d834 dd1e 62])
split lone low of two = List([61 d834 dd1e 62])
split lone high regex = List([61 d834 dd1e 62])
lone high literal = true
lone high pattern = [78 21 79 d834 dd1e]
backref = Some(4)
quantifier = Some(3)
anchored end = true
prefix start = Some(3)
escaped dash = true
escaped quote and space = true
dash class = List(-, a)
lone bracket = true
lone brace = true
brace quantifier = Some(3)
quoted = true
octal = true
escape char = true
brace error = rejected
line break = 2
letters = Some(ab)
upper = Some(B)
not letter = Some(1)
letter one = Some(ab)
digit dash = true
word dash = true
space dash = true
not hspace = true
not vspace = true
not space = true
back reference and digit = true
back reference ten = true
back reference ten and digit = true
back reference past a named group = true
back reference past a non-capturing group = true
case-blind kelvin = false
case-blind ascii = true
case-blind unicode = true
case-blind group name = Some(AB)
case-blind quote and escape = true
case-blind back reference = false
case-blind flags = List(false, true)
case-blind range endpoints = true
case-blind negation = true
case-blind code point escapes = true
case-blind back reference over a pair = true
quoted range endpoints = true
hyphen after a range = true
class as a range's end = rejected
unclosed class = List(rejected, rejected, rejected, rejected)
written hyphen as an end = List(true, true, true, true, rejected, rejected)
empty quote before a class's first element = List(true, true, true, rejected)
empty quote beside a range = List(true, true, true, true, false, false)
quote in an intersection = List(true, false, true, false)
empty intersection operand = List(true, false, false, true)
hyphen before a nested class = List(true, true, true, false)
intersection after a quoted operand = List(false, false)
lone characters across an intersection = List(true, true, true, false, rejected)
leading bracket = List(true, true, true, true)
quoted digit after a back reference = List(true, true)
quoted white space in comments mode = List(true, false, true, false, true, false, true, true, true)
indexOf no code point threw java.lang.IllegalArgumentException
lastIndexOf no code point threw java.lang.IllegalArgumentException
split empty = List([61], [d834 dd1e], [62])
replaceAll empty = [2d 61 2d d834 dd1e 2d 62 2d]
x* positions = List((0,0), (1,1), (3,3), (4,4))
a| positions = List((0,0), (2,2))
lookahead positions = List((0,0), (1,1), (3,3))
word boundary = List(0, 1, 3, 4)
empty split pair = 1
group cleared by its repetition = Some(null)
back reference to a group that took no part = Some()
closure bounds = List(true, rejected, rejected, rejected, true)
