M MM MMM MMMM MMMMM = 7 07 Jul July J
L LL LLL LLLL LLLLL = 7 07 Jul July J
E EE EEE EEEE EEEEE = Wed Wed Wed Wednesday W
d dd = 3 03
H HH h hh k kk a = 9 09 9 09 9 09 AM
m mm s ss = 4 04 6 06
S SS SSS SSSSSS SSSSSSSSS = 1 12 120 120456 120456789
n nnn nnnnnnnnnnnn = 120456789 120456789 000120456789
y yy yyy yyyy yyyyy = 2024 24 2024 2024 02024
u uu uuuu = 2024 24 2024
X XX XXX XXXX XXXXX = +0530 +0530 +05:30 +053015 +05:30:15
x xx xxx xxxx xxxxx = +0530 +0530 +05:30 +053015 +05:30:15
Z ZZ ZZZ ZZZZ ZZZZZ = +0530 +0530 +0530 GMT+05:30:15 +05:30:15
MMMMMM = java.lang.IllegalArgumentException: Too many pattern letters: M
EEEEEE = java.lang.IllegalArgumentException: Too many pattern letters: E
aa = java.lang.IllegalArgumentException: Too many pattern letters: a
ddd = java.lang.IllegalArgumentException: Too many pattern letters: d
HHH = java.lang.IllegalArgumentException: Too many pattern letters: H
XXXXXX = java.lang.IllegalArgumentException: Too many pattern letters: X
xxxxxx = java.lang.IllegalArgumentException: Too many pattern letters: x
ZZZZZZ = java.lang.IllegalArgumentException: Too many pattern letters: Z
SSSSSSSSSS = java.lang.IllegalArgumentException: Minimum width must be from 0 to 9 inclusive but was 10
'at' HH 'o''clock' '' = at 09 o'clock '
yyyy[ 'and' HH:mm] = 2024 and 09:04
HH[:mm[:ss]] = 09:04:06
yyyy] = java.lang.IllegalArgumentException: Pattern invalid as it contains ] without previous [
yyyy{ = java.lang.IllegalArgumentException: Pattern includes reserved character: '{'
MM# = java.lang.IllegalArgumentException: Pattern includes reserved character: '#'
uuuu-MM-dd'T'HH:mm:ssXXX = 2024-07-03T09:04:06+05:30
utc X XX XXX XXXX XXXXX = Z Z Z Z Z
utc x xx xxx xxxx xxxxx = +00 +0000 +00:00 +0000 +00:00
utc Z ZZZZ ZZZZZ = +0000 GMT Z
a date = Thursday 29 February 2024
a date's hour = java.time.temporal.UnsupportedTemporalTypeException: Unsupported field: HourOfDay
a date, optional time = 2024-02-29
a local time = 2024-01-02 03:04:05.006
a local time's offset = java.time.temporal.UnsupportedTemporalTypeException: Unsupported field: OffsetSeconds
a local time with a zone = 03:04
an instant's fraction = 120
an instant's hour = java.time.temporal.UnsupportedTemporalTypeException: Unsupported field: HourOfDay
an instant with a zone = 2024-07-03 00:33:51 -03:00
a zoned time with a zone = 03:33:51 Z
the same zone = 09:04 +05:30
a long year = +12345 +12345
an unclosed quote = java.lang.IllegalArgumentException: Pattern ends with an incomplete string literal: 'open
