public V wrapped(V)
public V[] boxArray(V[])
public int concrete(int)
public int curried(int)
public int primitive(int)
public int value(int)
public int[] arr(int[])
public int[] array(int[])
public int[] intArray(int[])
public int[] nested(int[])
public java.lang.Integer wrappedInt(java.lang.Integer)
public java.lang.Object bound(java.lang.Object)
public java.lang.Object genArray(java.lang.Object)
public java.lang.Object genericArr(java.lang.Object)
public java.lang.Object matched(java.lang.Object)
public java.lang.String areduced(java.lang.String)
public java.lang.String direct(java.lang.String)
public java.lang.String id(int)
public java.lang.String nestedBound(java.lang.String)
public java.lang.String reduced(java.lang.String)
public java.lang.String union(java.lang.Object)
18
x7d89
