-- primitives
Done(,42)
Done( rest,-7)
Fail(x,List(int),Failure reading:bigInt)
Done(1,a)
Fail(1,List(),Failure reading:letter)
Done(,7)
Done(y,x)
Fail(yx,List(),Failure reading:'x')
Done( world,hello)
Fail(help,List(),Failure reading:string("hello"))
Fail(,List(),Failure reading:satisfy(...))
Done(,12345678901)
Done(,3.25)
Done(d,ABC)
-- combinators
Done(1,List(a, b, c))
Done(1,List())
Fail(1,List(),Failure reading:letter)
Done(x,123)
Done(,List(1, 2, 3))
Done(,List())
Done(,NonEmptyList(4))
Done(5,Some(-))
Done(5,None)
Done(,ac)
Fail(ad,List(),Failure reading:string("ac"))
Done(,(a,1))
Done(,1)
Done(,a)
Fail(b,List(),Failure reading:digit)
Done(,42)
Done(c,List(a, b))
Fail(,List(filter(...)),filter)
Done(abc,123)
Fail(abc,List(),takeWhile1)
Done( c,ab1)
Done(x,5)
Done(,8)
Fail(,List(parens(int)),Failure reading:')')
Fail(x,List(number, int),Failure reading:bigInt)
Fail(x,List(),Failure reading:number)
Done(,12)
Fail(x,List(),endOfInput)
Done(3,List(1, 2))
Done(,b)
Fail(b,List(),Failure reading:satisfy(...))
Done(x,())
Done(,y)
Done(,List(a, b))
Done(,List(1, 2))
Done(,Pair(a,1))
Done(,List(Pair(a,1), Pair(bc,2), Pair(d,3)))
Done(a = x,List())
-- results
Right(10)
Some(10)
Done(,10)
Left(Failure reading:bigInt)
None
Done(,12)
partial
done 'x' 1
fail 'abd' List() Failure reading:string("abc")
Done(,15)
Right(25)
Right(Num(2))
Done(,7)
Done(,())
Done(,n)
Done(,4)
Done(,Right(5))
Done(z,1)
Fail(z,List(),boom)
