defaults/ByName $lessinit$greater$default$1()I public,static
defaults/ByName class
defaults/ByName$ $lessinit$greater$default$1()I public
defaults/ByName$ class
defaults/ByNameCase $lessinit$greater$default$2(I)I public,static
defaults/ByNameCase class
defaults/ByNameCase$ $lessinit$greater$default$2(I)I public
defaults/ByNameCase$ class
defaults/CC $lessinit$greater$default$1()I public,static
defaults/CC $lessinit$greater$default$2(I)Ljava/lang/String; public,static
defaults/CC class
defaults/CC$ $lessinit$greater$default$1()I public
defaults/CC$ $lessinit$greater$default$2(I)Ljava/lang/String; public
defaults/CC$ class
defaults/D class
defaults/D scaled$default$2()I public
defaults/Level $lessinit$greater$default$1()I public,static
defaults/Level class
defaults/Level$ $lessinit$greater$default$1()I public
defaults/Level$ class
defaults/Level$High class
defaults/Level$High$ class
defaults/Level$Low class
defaults/Level$Low$ class
defaults/O class
defaults/O curried$default$2(Ljava/lang/Object;)Ljava/lang/String; public,static
defaults/O curried$default$3(Ljava/lang/Object;Ljava/lang/String;)I public,static
defaults/O ext$default$2(Ljava/lang/String;)I public,static
defaults/O f$default$1()I public,static
defaults/O f$default$2()I public,static
defaults/O scaled$default$2()I public,static
defaults/O$ class
defaults/O$ curried$default$2(Ljava/lang/Object;)Ljava/lang/String; public
defaults/O$ curried$default$3(Ljava/lang/Object;Ljava/lang/String;)I public
defaults/O$ ext$default$2(Ljava/lang/String;)I public
defaults/O$ f$default$1()I public
defaults/O$ f$default$2()I public
defaults/O$ scaled$default$2()I public
defaults/Plain $lessinit$greater$default$1()I public,static
defaults/Plain $lessinit$greater$default$2(I)Ljava/lang/String; public,static
defaults/Plain class
defaults/Plain$ $lessinit$greater$default$1()I public
defaults/Plain$ $lessinit$greater$default$2(I)Ljava/lang/String; public
defaults/Plain$ class
defaults/Sec $lessinit$greater$default$2()Ljava/lang/String; public,static
defaults/Sec class
defaults/Sec$ $lessinit$greater$default$2()Ljava/lang/String; public
defaults/Sec$ class
defaults/T class
defaults/T scaled$default$2()I public
defaults/WithObject $lessinit$greater$default$2()I public,static
defaults/WithObject class
defaults/WithObject$ $lessinit$greater$default$2()I public
defaults/WithObject$ class
