enums/E fromOrdinal(I)Lenums/E; public,static
enums/E valueOf(Ljava/lang/String;)Lenums/E; public,static
enums/E values()[Lenums/E; public,static
enums/E$ $values:[Lenums/E; private,static,final
enums/E$ A:Lenums/E; public,static,final,enum
enums/E$ B:Lenums/E; public,static,final,enum
enums/E$ fromOrdinal(I)Lenums/E; public
enums/E$ implements scala/deriving/Mirror$Sum
enums/E$ ordinal(Lenums/E;)I public
enums/E$ ordinal(Ljava/lang/Object;)I public,bridge,synthetic
enums/E$ valueOf(Ljava/lang/String;)Lenums/E; public
enums/E$ values()[Lenums/E; public
enums/Kind fromOrdinal(I)Lenums/Kind; public,static
enums/Kind$ C:Lenums/Kind; public,static,final,enum
enums/Kind$ Small:Lenums/Kind; public,static,final,enum
enums/Kind$ fromOrdinal(I)Lenums/Kind; public
enums/Kind$ implements scala/deriving/Mirror$Sum
enums/Kind$ ordinal(Lenums/Kind;)I public
enums/Kind$ ordinal(Ljava/lang/Object;)I public,bridge,synthetic
enums/Linked fromOrdinal(I)Lenums/Linked; public,static
enums/Linked valueOf(Ljava/lang/String;)Lenums/Linked; public,static
enums/Linked values()[Lenums/Linked; public,static
enums/Linked$ $values:[Lenums/Linked; private,static,final
enums/Linked$ A:Lenums/Linked; public,static,final,enum
enums/Linked$ B:Lenums/Linked; public,static,final,enum
enums/Linked$ fromOrdinal(I)Lenums/Linked; public
enums/Linked$ implements scala/deriving/Mirror$Sum
enums/Linked$ valueOf(Ljava/lang/String;)Lenums/Linked; public
enums/Linked$ values()[Lenums/Linked; public
enums/Mixed fromOrdinal(I)Lenums/Mixed; public,static
enums/Mixed$ A:Lenums/Mixed; public,static,final,enum
enums/Mixed$ fromOrdinal(I)Lenums/Mixed; public
enums/Mixed$ implements scala/deriving/Mirror$Sum
enums/Mixed$ ordinal(Lenums/Mixed;)I public
enums/Mixed$ ordinal(Ljava/lang/Object;)I public,bridge,synthetic
