exports/B f$default$1()I public,static
exports/B f(I)I public,static
exports/B f(Ljava/lang/String;)Ljava/lang/String; public,static
exports/B$ f$default$1()I public,final
exports/B$ f(I)I public,final
exports/B$ f(Ljava/lang/String;)Ljava/lang/String; public,final
exports/Car start$default$1()I public,final
exports/Car start(I)I public,final
exports/Car start(Ljava/lang/Object;)Ljava/lang/Object; public,bridge,synthetic
exports/ChildG f(Ljava/lang/Object;)Ljava/lang/Object; public,bridge,synthetic
exports/Kit Inner()Lexports/Tools$Inner$; public,static
exports/Kit Nail()Lexports/Tools$Nail$; public,static
exports/Kit hammer()Ljava/lang/String; public,static
exports/Kit$ Inner()Lexports/Tools$Inner$; public,final
exports/Kit$ Nail()Lexports/Tools$Nail$; public,final
exports/Kit$ hammer()Ljava/lang/String; public,final
exports/Prelude lucky$(Lexports/Prelude;)I public,static
exports/Prelude lucky()I public
exports/Prelude twice$(Lexports/Prelude;I)I public,static
exports/Prelude twice(I)I public
exports/Relay renamed(I)I public,static
exports/Relay renamed(Ljava/lang/String;)Ljava/lang/String; public,static
exports/Relay$ renamed(I)I public,final
exports/Relay$ renamed(Ljava/lang/String;)Ljava/lang/String; public,final
exports/Tn renamed(I)I public,static
exports/Tn$ f$default$1()I public,final
exports/Tn$ renamed(I)I public,final
exports/TnR renamed(I)I public,static
exports/TnR$ g$default$1()I public,final
exports/TnR$ renamed(I)I public,final
exports/Utils namedEnc(Lexports/Named;)Lscala/math/Ordering; public,static
exports/Utils$ namedEnc(Lexports/Named;)Lscala/math/Ordering; public,final
