mirrors/O mirrors$T$_setter_$mirrors$T$$pvl_$eq(I)V public,static,synthetic
mirrors/O mirrors$T$_setter_$v_$eq(I)V public,static,synthetic
mirrors/O r()I public,static
mirrors/O v()I public,static
mirrors/V a$$b()I public,static
mirrors/W mirrors$T$$x()I public,static
mirrors/X executionStart()J public,static
mirrors/X scala$App$_setter_$executionStart_$eq(J)V public,static,synthetic
mirrors/X scala$App$_setter_$scala$App$$initCode_$eq(Lscala/collection/mutable/ListBuffer;)V public,static,synthetic
