selectors/Abs _1()I public
selectors/Big _1()I public
selectors/Big _2()I public
selectors/Big _23()Ljava/lang/String; public
selectors/Big _3()I public
selectors/BodyDef _1()I public
selectors/BodyDef _2()I public
selectors/ByVar _1()I public
selectors/C _1()Ljava/lang/Object; public
selectors/C3 _1()I public
selectors/D _1()I public
selectors/D _1()Ljava/lang/Object; public,bridge,synthetic
selectors/Named _1()I public
selectors/Named _1:I private
selectors/Named _2()Ljava/lang/String; public
selectors/O$Inner _1()D public
selectors/Opt$Some _1()I public
selectors/Outer$Path _1()I public
selectors/P _1()Ljava/lang/Object; public,abstract
selectors/Pair _1()I public
selectors/Pair _2()I public
selectors/Rep _1()I public
selectors/Rep _2()Lscala/collection/immutable/Seq; public
selectors/Restricted _1()I public
selectors/Sub _1()J public
