target_names/C renamed(Ljava/lang/String;)Ljava/lang/String; public
target_names/P renamed(Ljava/lang/String;)Ljava/lang/String; public,abstract
target_names/RightDefaults $plus$colon$default$1()Ljava/lang/String; public,static
target_names/RightDefaults $plus$colon(Ljava/lang/String;I)Ljava/lang/String; public,static
target_names/RightDefaults $plus$plus$colon$default$3(Ljava/lang/String;I)I public,static
target_names/RightDefaults $plus$plus$colon(Ljava/lang/String;II)Ljava/lang/String; public,static
target_names/RightDefaults$ $plus$colon$default$1()Ljava/lang/String; public
target_names/RightDefaults$ $plus$colon(Ljava/lang/String;I)Ljava/lang/String; public
target_names/RightDefaults$ $plus$plus$colon$default$3(Ljava/lang/String;I)I public
target_names/RightDefaults$ $plus$plus$colon(Ljava/lang/String;II)Ljava/lang/String; public
target_names/Syntax $colon$colon$colon(Lscala/collection/immutable/List;Ljava/lang/Object;)Lscala/collection/immutable/List; public,static
target_names/Syntax $plus$colon(Ljava/lang/String;I)Ljava/lang/String; public,static
target_names/Syntax $plus$plus$colon(Ljava/lang/String;IC)Ljava/lang/String; public,static
target_names/Syntax$ $colon$colon$colon(Lscala/collection/immutable/List;Ljava/lang/Object;)Lscala/collection/immutable/List; public
target_names/Syntax$ $plus$colon(Ljava/lang/String;I)Ljava/lang/String; public
target_names/Syntax$ $plus$plus$colon(Ljava/lang/String;IC)Ljava/lang/String; public
target_names/T renamed$(Ltarget_names/T;Ljava/lang/String;)Ljava/lang/String; public,static
target_names/T renamed(Ljava/lang/String;)Ljava/lang/String; public
target_names/TN $plus$default$1()I public,static
target_names/TN renamed(I)I public,static
target_names/TN single(I)I public,static
target_names/TN str(Ljava/lang/String;)Ljava/lang/String; public,static
target_names/TN$ $plus$default$1()I public
target_names/TN$ renamed(I)I public
target_names/TN$ single(I)I public
target_names/TN$ str(Ljava/lang/String;)Ljava/lang/String; public
target_names/TT $plus$default$1$(Ltarget_names/TT;)I public,static
target_names/TT $plus$default$1()I public
target_names/TT renamed$(Ltarget_names/TT;I)I public,static
target_names/TT renamed(I)I public
