trait_statics/AO id$(Ltrait_statics/AO;Ljava/lang/String;)Ljava/lang/String; public,static
trait_statics/AO id(Ljava/lang/String;)Ljava/lang/String; public
trait_statics/AO trait_statics$AO$$super$id(Ljava/lang/String;)Ljava/lang/String; public,abstract,synthetic
trait_statics/Parent id(Ljava/lang/String;)Ljava/lang/String; public,abstract
trait_statics/T concrete$(Ltrait_statics/T;I)I public,static
trait_statics/T concrete$default$1$(Ltrait_statics/T;)I public,static
trait_statics/T concrete$default$1()I public
trait_statics/T concrete(I)I public
trait_statics/T constant$(Ltrait_statics/T;)I public,static
trait_statics/T constant()I public
trait_statics/T ext$(Ltrait_statics/T;ILjava/lang/String;)Ljava/lang/String; public,static
trait_statics/T ext(ILjava/lang/String;)Ljava/lang/String; public
trait_statics/T fin$(Ltrait_statics/T;)I public,static
trait_statics/T fin()I public
trait_statics/T id$(Ltrait_statics/T;Ljava/lang/String;)Ljava/lang/String; public,static
trait_statics/T id(Ljava/lang/String;)Ljava/lang/String; public
trait_statics/T laz$(Ltrait_statics/T;)I public,static
trait_statics/T laz()I public
trait_statics/T prot$(Ltrait_statics/T;J)J public,static
trait_statics/T prot(J)J public
trait_statics/T strict()I public,abstract
