trait_fields/Mid Obj()Ltrait_fields/T$Obj$; public,final
trait_fields/Mid fin()I public,final
trait_fields/Mid fin:I private
trait_fields/Mid lz()I public
trait_fields/Mid prot()I public
trait_fields/Mid prot:I private
trait_fields/Mid trait_fields$T$$pv()I public
trait_fields/Mid trait_fields$T$$pv:I private
trait_fields/Mid trait_fields$T$$pv_$eq(I)V public
trait_fields/Mid trait_fields$T$$pvl()I public
trait_fields/Mid trait_fields$T$$pvl:I private
trait_fields/Mid trait_fields$T$_setter_$fin_$eq(I)V public
trait_fields/Mid trait_fields$T$_setter_$prot_$eq(I)V public
trait_fields/Mid trait_fields$T$_setter_$trait_fields$T$$pvl_$eq(I)V public
trait_fields/Mid trait_fields$T$_setter_$v_$eq(I)V public
trait_fields/Mid v()I public
trait_fields/Mid v:I private
trait_fields/Mid w()I public
trait_fields/Mid w:I private
trait_fields/Mid w_$eq(I)V public
trait_fields/Runner executionStart()J public,final
trait_fields/Runner executionStart:J private
trait_fields/Runner scala$App$$_args()[Ljava/lang/String; public
trait_fields/Runner scala$App$$_args:[Ljava/lang/String; private
trait_fields/Runner scala$App$$_args_$eq([Ljava/lang/String;)V public
trait_fields/Runner scala$App$$initCode()Lscala/collection/mutable/ListBuffer; public
trait_fields/Runner scala$App$$initCode:Lscala/collection/mutable/ListBuffer; private
trait_fields/Runner scala$App$_setter_$executionStart_$eq(J)V public
trait_fields/Runner scala$App$_setter_$scala$App$$initCode_$eq(Lscala/collection/mutable/ListBuffer;)V public
trait_fields/T Obj()Ltrait_fields/T$Obj$; public
trait_fields/T constant()I public
trait_fields/T fin()I public,abstract
trait_fields/T lz()I public
trait_fields/T prot()I public,abstract
trait_fields/T trait_fields$T$$pv()I public,abstract
trait_fields/T trait_fields$T$$pv_$eq(I)V public,abstract
trait_fields/T trait_fields$T$$pvl()I public,abstract
trait_fields/T trait_fields$T$_setter_$fin_$eq(I)V public,abstract
trait_fields/T trait_fields$T$_setter_$prot_$eq(I)V public,abstract
trait_fields/T trait_fields$T$_setter_$trait_fields$T$$pvl_$eq(I)V public,abstract
trait_fields/T trait_fields$T$_setter_$v_$eq(I)V public,abstract
trait_fields/T v()I public,abstract
trait_fields/T w()I public,abstract
trait_fields/T w_$eq(I)V public,abstract
