value_classes/D equals$extension(DLjava/lang/Object;)Z public,static
value_classes/D equals(Ljava/lang/Object;)Z public
value_classes/D hashCode$extension(D)I public,static
value_classes/D hashCode()I public
value_classes/D$ equals$extension(DLjava/lang/Object;)Z public,final
value_classes/D$ hashCode$extension(D)I public,final
value_classes/Holder$Inner equals$extension(ILjava/lang/Object;)Z public,static
value_classes/Holder$Inner equals(Ljava/lang/Object;)Z public
value_classes/Holder$Inner hashCode$extension(I)I public,static
value_classes/Holder$Inner hashCode()I public
value_classes/Holder$Inner plus$extension(II)I public,static
value_classes/Holder$Inner plus(I)I public
value_classes/Holder$Inner$ equals$extension(ILjava/lang/Object;)Z public,final
value_classes/Holder$Inner$ hashCode$extension(I)I public,final
value_classes/Holder$Inner$ plus$extension(II)I public,final
value_classes/Name _1$extension(Ljava/lang/String;)Ljava/lang/String; public,static
value_classes/Name _1()Ljava/lang/String; public
value_classes/Name apply(Ljava/lang/String;)Ljava/lang/String; public,static
value_classes/Name canEqual$extension(Ljava/lang/String;Ljava/lang/Object;)Z public,static
value_classes/Name canEqual(Ljava/lang/Object;)Z public
value_classes/Name copy$default$1$extension(Ljava/lang/String;)Ljava/lang/String; public,static
value_classes/Name copy$default$1()Ljava/lang/String; public
value_classes/Name copy$extension(Ljava/lang/String;Ljava/lang/String;)Ljava/lang/String; public,static
value_classes/Name copy(Ljava/lang/String;)Ljava/lang/String; public
value_classes/Name equals$extension(Ljava/lang/String;Ljava/lang/Object;)Z public,static
value_classes/Name equals(Ljava/lang/Object;)Z public
value_classes/Name hashCode$extension(Ljava/lang/String;)I public,static
value_classes/Name hashCode()I public
value_classes/Name productArity$extension(Ljava/lang/String;)I public,static
value_classes/Name productArity()I public
value_classes/Name productElement$extension(Ljava/lang/String;I)Ljava/lang/Object; public,static
value_classes/Name productElement(I)Ljava/lang/Object; public
value_classes/Name productElementName$extension(Ljava/lang/String;I)Ljava/lang/String; public,static
value_classes/Name productElementName(I)Ljava/lang/String; public
value_classes/Name productPrefix$extension(Ljava/lang/String;)Ljava/lang/String; public,static
value_classes/Name productPrefix()Ljava/lang/String; public
value_classes/Name toString$extension(Ljava/lang/String;)Ljava/lang/String; public,static
value_classes/Name toString()Ljava/lang/String; public
value_classes/Name unapply(Ljava/lang/String;)Ljava/lang/String; public,static
value_classes/Name$ _1$extension(Ljava/lang/String;)Ljava/lang/String; public,final
value_classes/Name$ apply(Ljava/lang/String;)Ljava/lang/String; public
value_classes/Name$ canEqual$extension(Ljava/lang/String;Ljava/lang/Object;)Z public,final
value_classes/Name$ copy$default$1$extension(Ljava/lang/String;)Ljava/lang/String; public,final
value_classes/Name$ copy$extension(Ljava/lang/String;Ljava/lang/String;)Ljava/lang/String; public,final
value_classes/Name$ equals$extension(Ljava/lang/String;Ljava/lang/Object;)Z public,final
value_classes/Name$ hashCode$extension(Ljava/lang/String;)I public,final
value_classes/Name$ productArity$extension(Ljava/lang/String;)I public,final
value_classes/Name$ productElement$extension(Ljava/lang/String;I)Ljava/lang/Object; public,final
value_classes/Name$ productElementName$extension(Ljava/lang/String;I)Ljava/lang/String; public,final
value_classes/Name$ productPrefix$extension(Ljava/lang/String;)Ljava/lang/String; public,final
value_classes/Name$ toString$extension(Ljava/lang/String;)Ljava/lang/String; public,final
value_classes/Name$ toString()Ljava/lang/String; public
value_classes/Name$ unapply(Ljava/lang/String;)Ljava/lang/String; public
value_classes/T equals$extension(ILjava/lang/Object;)Z public,static
value_classes/T equals(Ljava/lang/Object;)Z public
value_classes/T hashCode$extension(I)I public,static
value_classes/T hashCode()I public
value_classes/T$ equals$extension(ILjava/lang/Object;)Z public,final
value_classes/T$ hashCode$extension(I)I public,final
value_classes/V equals$extension(JLjava/lang/Object;)Z public,static
value_classes/V equals(Ljava/lang/Object;)Z public
value_classes/V hashCode$extension(J)I public,static
value_classes/V hashCode()I public
value_classes/V plus$extension(JJ)J public,static
value_classes/V plus(J)J public
value_classes/V scaled$default$1$extension(J)I public,static
value_classes/V scaled$default$1()I public
value_classes/V scaled$extension(JI)J public,static
value_classes/V scaled(I)J public
value_classes/V$ equals$extension(JLjava/lang/Object;)Z public,final
value_classes/V$ hashCode$extension(J)I public,final
value_classes/V$ plus$extension(JJ)J public,final
value_classes/V$ scaled$default$1$extension(J)I public,final
value_classes/V$ scaled$extension(JI)J public,final
value_classes/VC _1$extension(J)J public,static
value_classes/VC _1()J public
value_classes/VC apply(J)J public,static
value_classes/VC canEqual$extension(JLjava/lang/Object;)Z public,static
value_classes/VC canEqual(Ljava/lang/Object;)Z public
value_classes/VC copy$default$1$extension(J)J public,static
value_classes/VC copy$default$1()J public
value_classes/VC copy$extension(JJ)J public,static
value_classes/VC copy(J)J public
value_classes/VC equals$extension(JLjava/lang/Object;)Z public,static
value_classes/VC equals(Ljava/lang/Object;)Z public
value_classes/VC hashCode$extension(J)I public,static
value_classes/VC hashCode()I public
value_classes/VC plus$extension(JJ)J public,static
value_classes/VC plus(J)J public
value_classes/VC productArity$extension(J)I public,static
value_classes/VC productArity()I public
value_classes/VC productElement$extension(JI)Ljava/lang/Object; public,static
value_classes/VC productElement(I)Ljava/lang/Object; public
value_classes/VC productElementName$extension(JI)Ljava/lang/String; public,static
value_classes/VC productElementName(I)Ljava/lang/String; public
value_classes/VC productPrefix$extension(J)Ljava/lang/String; public,static
value_classes/VC productPrefix()Ljava/lang/String; public
value_classes/VC toString$extension(J)Ljava/lang/String; public,static
value_classes/VC toString()Ljava/lang/String; public
value_classes/VC unapply(J)J public,static
value_classes/VC$ _1$extension(J)J public,final
value_classes/VC$ apply(J)J public
value_classes/VC$ canEqual$extension(JLjava/lang/Object;)Z public,final
value_classes/VC$ copy$default$1$extension(J)J public,final
value_classes/VC$ copy$extension(JJ)J public,final
value_classes/VC$ equals$extension(JLjava/lang/Object;)Z public,final
value_classes/VC$ hashCode$extension(J)I public,final
value_classes/VC$ plus$extension(JJ)J public,final
value_classes/VC$ productArity$extension(J)I public,final
value_classes/VC$ productElement$extension(JI)Ljava/lang/Object; public,final
value_classes/VC$ productElementName$extension(JI)Ljava/lang/String; public,final
value_classes/VC$ productPrefix$extension(J)Ljava/lang/String; public,final
value_classes/VC$ toString$extension(J)Ljava/lang/String; public,final
value_classes/VC$ toString()Ljava/lang/String; public
value_classes/VC$ unapply(J)J public
