volatile/C av()I public
volatile/C av:I private,volatile
volatile/C nv()I public
volatile/C nv:I private
volatile/C p()I public
volatile/C p:I private,volatile
volatile/C plain()I public
volatile/C plain:I private
volatile/C q()I public
volatile/C q:I private,volatile
volatile/C volatile$T$$hidden()I public
volatile/C volatile$T$$hidden:I private,volatile
volatile/C x()I public
volatile/C x:I private,volatile
volatile/C y()I public
volatile/C y:I private,volatile
volatile/C z()I public
volatile/C z:I private,volatile
volatile/T plain()I public,abstract
volatile/T volatile$T$$hidden()I public,abstract
volatile/T x()I public,abstract
