$plus(I)I
Zed()I
aB()I
a_b()I
and(I)I
description()Ljava/lang/String;
gen()I
gen(ZC)I
gen(Lscala/runtime/BoxedUnit;)I
gen(C)I
gen(D)I
gen(Lp/Inner1;)I
gen(I)J
gen([I)I
gen(Lscala/collection/immutable/List;)I
gen(JJ)I
gen(Lp/Outer$Nested;)I
gen(Ljava/lang/Object;)Ljava/lang/Object;
gen(Ljava/lang/Object;I)Ljava/lang/Object;
gen(Ljava/lang/String;)Ljava/lang/String;
gen([Ljava/lang/String;)I
mid()I
res(I)Ljava/lang/String;
z1()I
zeta()I
$tilde(I)I
