{"name":"teq","answer":42,"nested":{"ok":true}}
teq
true
{"name":"teq","answer":43,"nested":{"ok":true},"extra":2}
{}
{"a":1,"b":2}
{"k":"v","n":1.5}
{"x!":2}
44
true
true
4
[1,"two",3.5,true]
4
[]
[1,2,3]
["a","b"]
[1,"two",3.5,true,5,6]
List(1, 2, 3)
9
List(a, b, c)
10
[1,2,3]
["v"]
["x","y"]
[1,2,3,4]
["p","q"]
[5]
[{"_1":1,"_2":"one"}]
List(1, 2)
6
10
9
string
number
number
boolean
bigint
string
undefined
function
object
object
undefined
true
true
true
false
false
9
19
2
3
true
true
1970-01-01T00:00:00.000Z
2
List(k, l)
5
